  Status: OK.
  Number of classes being specified: 0
->add_class("A")
  Status: OK.
  Number of classes being specified: 1
    A
      Number of attributes: 0
      Number of queries: 0
      Number of commands: 0
->add_class("B")
  Status: OK.
  Number of classes being specified: 2
    A
      Number of attributes: 0
      Number of queries: 0
      Number of commands: 0
    B
      Number of attributes: 0
      Number of queries: 0
      Number of commands: 0
->add_attribute("A","i","INTEGER")
  Status: OK.
  Number of classes being specified: 2
    A
      Number of attributes: 1
        + i: INTEGER
      Number of queries: 0
      Number of commands: 0
    B
      Number of attributes: 0
      Number of queries: 0
      Number of commands: 0
->add_attribute("A","b","B")
  Status: OK.
  Number of classes being specified: 2
    A
      Number of attributes: 2
        + i: INTEGER
        + b: B
      Number of queries: 0
      Number of commands: 0
    B
      Number of attributes: 0
      Number of queries: 0
      Number of commands: 0
->add_attribute("B","k","INTEGER")
  Status: OK.
  Number of classes being specified: 2
    A
      Number of attributes: 2
        + i: INTEGER
        + b: B
      Number of queries: 0
      Number of commands: 0
    B
      Number of attributes: 1
        + k: INTEGER
      Number of queries: 0
      Number of commands: 0
->add_command("A","command2",<<["x", "INTEGER"], ["y", "BOOLEAN"], ["a", "B"]>>)
  Status: OK.
  Number of classes being specified: 2
    A
      Number of attributes: 2
        + i: INTEGER
        + b: B
      Number of queries: 0
      Number of commands: 1
        + command2(INTEGER, BOOLEAN, B)
    B
      Number of attributes: 1
        + k: INTEGER
      Number of queries: 0
      Number of commands: 0
->add_query("A","query1",<<["x", "INTEGER"], ["y", "BOOLEAN"]>>,"INTEGER")
  Status: OK.
  Number of classes being specified: 2
    A
      Number of attributes: 2
        + i: INTEGER
        + b: B
      Number of queries: 1
        + query1(INTEGER, BOOLEAN): INTEGER
      Number of commands: 1
        + command2(INTEGER, BOOLEAN, B)
    B
      Number of attributes: 1
        + k: INTEGER
      Number of queries: 0
      Number of commands: 0
->add_query("A","query2",<<>>,"INTEGER")
  Status: OK.
  Number of classes being specified: 2
    A
      Number of attributes: 2
        + i: INTEGER
        + b: B
      Number of queries: 2
        + query1(INTEGER, BOOLEAN): INTEGER
        + query2: INTEGER
      Number of commands: 1
        + command2(INTEGER, BOOLEAN, B)
    B
      Number of attributes: 1
        + k: INTEGER
      Number of queries: 0
      Number of commands: 0
->add_assignment_instruction("A","query2","k")
  Status: OK.
  Number of classes being specified: 2
    A
      Number of attributes: 2
        + i: INTEGER
        + b: B
      Number of queries: 2
        + query1(INTEGER, BOOLEAN): INTEGER
        + query2: INTEGER
      Number of commands: 1
        + command2(INTEGER, BOOLEAN, B)
    B
      Number of attributes: 1
        + k: INTEGER
      Number of queries: 0
      Number of commands: 0
  Routine currently being implemented: {A}.query2
  Assignment being specified: k := ?
->multiplication
  Status: OK.
  Number of classes being specified: 2
    A
      Number of attributes: 2
        + i: INTEGER
        + b: B
      Number of queries: 2
        + query1(INTEGER, BOOLEAN): INTEGER
        + query2: INTEGER
      Number of commands: 1
        + command2(INTEGER, BOOLEAN, B)
    B
      Number of attributes: 1
        + k: INTEGER
      Number of queries: 0
      Number of commands: 0
  Routine currently being implemented: {A}.query2
  Assignment being specified: k := (? * nil)
->addition
  Status: OK.
  Number of classes being specified: 2
    A
      Number of attributes: 2
        + i: INTEGER
        + b: B
      Number of queries: 2
        + query1(INTEGER, BOOLEAN): INTEGER
        + query2: INTEGER
      Number of commands: 1
        + command2(INTEGER, BOOLEAN, B)
    B
      Number of attributes: 1
        + k: INTEGER
      Number of queries: 0
      Number of commands: 0
  Routine currently being implemented: {A}.query2
  Assignment being specified: k := ((? + nil) * nil)
->int_value(1)
  Status: OK.
  Number of classes being specified: 2
    A
      Number of attributes: 2
        + i: INTEGER
        + b: B
      Number of queries: 2
        + query1(INTEGER, BOOLEAN): INTEGER
        + query2: INTEGER
      Number of commands: 1
        + command2(INTEGER, BOOLEAN, B)
    B
      Number of attributes: 1
        + k: INTEGER
      Number of queries: 0
      Number of commands: 0
  Routine currently being implemented: {A}.query2
  Assignment being specified: k := ((1 + ?) * nil)
->int_value(2)
  Status: OK.
  Number of classes being specified: 2
    A
      Number of attributes: 2
        + i: INTEGER
        + b: B
      Number of queries: 2
        + query1(INTEGER, BOOLEAN): INTEGER
        + query2: INTEGER
      Number of commands: 1
        + command2(INTEGER, BOOLEAN, B)
    B
      Number of attributes: 1
        + k: INTEGER
      Number of queries: 0
      Number of commands: 0
  Routine currently being implemented: {A}.query2
  Assignment being specified: k := ((1 + 2) * ?)
->multiplication
  Status: OK.
  Number of classes being specified: 2
    A
      Number of attributes: 2
        + i: INTEGER
        + b: B
      Number of queries: 2
        + query1(INTEGER, BOOLEAN): INTEGER
        + query2: INTEGER
      Number of commands: 1
        + command2(INTEGER, BOOLEAN, B)
    B
      Number of attributes: 1
        + k: INTEGER
      Number of queries: 0
      Number of commands: 0
  Routine currently being implemented: {A}.query2
  Assignment being specified: k := ((1 + 2) * (? * nil))
->add_call_chain(<<"b", "k">>)
  Status: OK.
  Number of classes being specified: 2
    A
      Number of attributes: 2
        + i: INTEGER
        + b: B
      Number of queries: 2
        + query1(INTEGER, BOOLEAN): INTEGER
        + query2: INTEGER
      Number of commands: 1
        + command2(INTEGER, BOOLEAN, B)
    B
      Number of attributes: 1
        + k: INTEGER
      Number of queries: 0
      Number of commands: 0
  Routine currently being implemented: {A}.query2
  Assignment being specified: k := ((1 + 2) * (b.k * ?))
->numerical_negation
  Status: OK.
  Number of classes being specified: 2
    A
      Number of attributes: 2
        + i: INTEGER
        + b: B
      Number of queries: 2
        + query1(INTEGER, BOOLEAN): INTEGER
        + query2: INTEGER
      Number of commands: 1
        + command2(INTEGER, BOOLEAN, B)
    B
      Number of attributes: 1
        + k: INTEGER
      Number of queries: 0
      Number of commands: 0
  Routine currently being implemented: {A}.query2
  Assignment being specified: k := ((1 + 2) * (b.k * (- ?)))
->addition
  Status: OK.
  Number of classes being specified: 2
    A
      Number of attributes: 2
        + i: INTEGER
        + b: B
      Number of queries: 2
        + query1(INTEGER, BOOLEAN): INTEGER
        + query2: INTEGER
      Number of commands: 1
        + command2(INTEGER, BOOLEAN, B)
    B
      Number of attributes: 1
        + k: INTEGER
      Number of queries: 0
      Number of commands: 0
  Routine currently being implemented: {A}.query2
  Assignment being specified: k := ((1 + 2) * (b.k * (- (? + nil))))
->int_value(9)
  Status: OK.
  Number of classes being specified: 2
    A
      Number of attributes: 2
        + i: INTEGER
        + b: B
      Number of queries: 2
        + query1(INTEGER, BOOLEAN): INTEGER
        + query2: INTEGER
      Number of commands: 1
        + command2(INTEGER, BOOLEAN, B)
    B
      Number of attributes: 1
        + k: INTEGER
      Number of queries: 0
      Number of commands: 0
  Routine currently being implemented: {A}.query2
  Assignment being specified: k := ((1 + 2) * (b.k * (- (9 + ?))))
->int_value(10)
  Status: OK.
  Number of classes being specified: 2
    A
      Number of attributes: 2
        + i: INTEGER
        + b: B
      Number of queries: 2
        + query1(INTEGER, BOOLEAN): INTEGER
        + query2: INTEGER
      Number of commands: 1
        + command2(INTEGER, BOOLEAN, B)
    B
      Number of attributes: 1
        + k: INTEGER
      Number of queries: 0
      Number of commands: 0
