  Status: OK.
  Number of classes being specified: 0
->generate_java_code

->type_check

